[    0.000000] Initializing cgroup subsys cpuset
[    0.000000] Initializing cgroup subsys cpu
[    0.000000] Initializing cgroup subsys cpuacct
[    0.000000] Linux version 4.4.0-141-generic (buildd@lcy01-amd64-006) (gcc version 5.4.0 20160609 (Ubuntu 5.4.0-6ubuntu1~16.04.10) ) #167-Ubuntu SMP Wed Dec 5 10:40:15 UTC 2018 (Ubuntu 4.4.0-141.167-generic 4.4.162)
[    0.000000] Command line: BOOT_IMAGE=/boot/vmlinuz-4.4.0-141-generic root=LABEL=cloudimg-rootfs ro console=tty1 console=ttyS0
[    0.000000] KERNEL supported cpus:
[    0.000000]   Intel GenuineIntel
[    0.000000]   AMD AuthenticAMD
[    0.000000]   Centaur CentaurHauls
[    0.000000] x86/fpu: xstate_offset[2]:  576, xstate_sizes[2]:  256
[    0.000000] x86/fpu: Supporting XSAVE feature 0x01: 'x87 floating point registers'
[    0.000000] x86/fpu: Supporting XSAVE feature 0x02: 'SSE registers'
[    0.000000] x86/fpu: Supporting XSAVE feature 0x04: 'AVX registers'
[    0.000000] x86/fpu: Enabled xstate features 0x7, context size is 832 bytes, using 'standard' format.
[    0.000000] e820: BIOS-provided physical RAM map:
[    0.000000] BIOS-e820: [mem 0x0000000000000000-0x000000000009fbff] usable
[    0.000000] BIOS-e820: [mem 0x000000000009fc00-0x000000000009ffff] reserved
[    0.000000] BIOS-e820: [mem 0x00000000000f0000-0x00000000000fffff] reserved
[    0.000000] BIOS-e820: [mem 0x0000000000100000-0x000000003ffeffff] usable
[    0.000000] BIOS-e820: [mem 0x000000003fff0000-0x000000003fffffff] ACPI data
[    0.000000] BIOS-e820: [mem 0x00000000fec00000-0x00000000fec00fff] reserved
[    0.000000] BIOS-e820: [mem 0x00000000fee00000-0x00000000fee00fff] reserved
[    0.000000] BIOS-e820: [mem 0x00000000fffc0000-0x00000000ffffffff] reserved
[    0.000000] NX (Execute Disable) protection: active
[    0.000000] SMBIOS 2.5 present.
[    0.000000] Hypervisor detected: KVM
[    0.000000] e820: last_pfn = 0x3fff0 max_arch_pfn = 0x400000000
[    0.000000] MTRR: Disabled
[    0.000000] x86/PAT: MTRRs disabled, skipping PAT initialization too.
[    0.000000] CPU MTRRs all blank - virtualized system.
[    0.000000] x86/PAT: Configuration [0-7]: WB  WT  UC- UC  WB  WT  UC- UC  
[    0.000000] found SMP MP-table at [mem 0x0009fff0-0x0009ffff] mapped at [ffff88000009fff0]
[    0.000000] Scanning 1 areas for low memory corruption
[    0.000000] RAMDISK: [mem 0x36304000-0x37179fff]
[    0.000000] ACPI: Early table checksum verification disabled
[    0.000000] ACPI: RSDP 0x00000000000E0000 000024 (v02 VBOX  )
[    0.000000] ACPI: XSDT 0x000000003FFF0030 00003C (v01 VBOX   VBOXXSDT 00000001 ASL  00000061)
[    0.000000] ACPI: FACP 0x000000003FFF00F0 0000F4 (v04 VBOX   VBOXFACP 00000001 ASL  00000061)
[    0.000000] ACPI: DSDT 0x000000003FFF0470 0022EA (v02 VBOX   VBOXBIOS 00000002 INTL 20100528)
[    0.000000] ACPI: FACS 0x000000003FFF0200 000040
[    0.000000] ACPI: FACS 0x000000003FFF0200 000040
[    0.000000] ACPI: APIC 0x000000003FFF0240 00005C (v02 VBOX   VBOXAPIC 00000001 ASL  00000061)
[    0.000000] ACPI: SSDT 0x000000003FFF02A0 0001CC (v01 VBOX   VBOXCPUT 00000002 INTL 20100528)
[    0.000000] No NUMA configuration found
[    0.000000] Faking a node at [mem 0x0000000000000000-0x000000003ffeffff]
[    0.000000] NODE_DATA(0) allocated [mem 0x3ffeb000-0x3ffeffff]
[    0.000000] kvm-clock: Using msrs 4b564d01 and 4b564d00
[    0.000000] kvm-clock: cpu 0, msr 0:3ffe3001, primary cpu clock
[    0.000000] kvm-clock: using sched offset of 4349320712 cycles
[    0.000000] clocksource: kvm-clock: mask: 0xffffffffffffffff max_cycles: 0x1cd42e4dffb, max_idle_ns: 881590591483 ns
[    0.000000] Zone ranges:
[    0.000000]   DMA      [mem 0x0000000000001000-0x0000000000ffffff]
[    0.000000]   DMA32    [mem 0x0000000001000000-0x000000003ffeffff]
[    0.000000]   Normal   empty
[    0.000000]   Device   empty
[    0.000000] Movable zone start for each node
[    0.000000] Early memory node ranges
[    0.000000]   node   0: [mem 0x0000000000001000-0x000000000009efff]
[    0.000000]   node   0: [mem 0x0000000000100000-0x000000003ffeffff]
[    0.000000] Initmem setup node 0 [mem 0x0000000000001000-0x000000003ffeffff]
[    0.000000] ACPI: PM-Timer IO Port: 0x4008
[    0.000000] IOAPIC[0]: apic_id 2, version 32, address 0xfec00000, GSI 0-23
[    0.000000] ACPI: INT_SRC_OVR (bus 0 bus_irq 0 global_irq 2 dfl dfl)
[    0.000000] ACPI: INT_SRC_OVR (bus 0 bus_irq 9 global_irq 9 low level)
[    0.000000] Using ACPI (MADT) for SMP configuration information
[    0.000000] smpboot: Allowing 2 CPUs, 0 hotplug CPUs
[    0.000000] PM: Registered nosave memory: [mem 0x00000000-0x00000fff]
[    0.000000] PM: Registered nosave memory: [mem 0x0009f000-0x0009ffff]
[    0.000000] PM: Registered nosave memory: [mem 0x000a0000-0x000effff]
[    0.000000] PM: Registered nosave memory: [mem 0x000f0000-0x000fffff]
[    0.000000] e820: [mem 0x40000000-0xfebfffff] available for PCI devices
[    0.000000] Booting paravirtualized kernel on KVM
[    0.000000] clocksource: refined-jiffies: mask: 0xffffffff max_cycles: 0xffffffff, max_idle_ns: 7645519600211568 ns
[    0.000000] setup_percpu: NR_CPUS:512 nr_cpumask_bits:512 nr_cpu_ids:2 nr_node_ids:1
[    0.000000] PERCPU: Embedded 34 pages/cpu @ffff88003fc00000 s99608 r8192 d31464 u1048576
[    0.000000] PV qspinlock hash table entries: 256 (order: 0, 4096 bytes)
[    0.000000] Built 1 zonelists in Node order, mobility grouping on.  Total pages: 257912
[    0.000000] Policy zone: DMA32
[    0.000000] Kernel command line: BOOT_IMAGE=/boot/vmlinuz-4.4.0-141-generic root=LABEL=cloudimg-rootfs ro console=tty1 console=ttyS0
[    0.000000] PID hash table entries: 4096 (order: 3, 32768 bytes)
[    0.000000] Memory: 997696K/1048120K available (8568K kernel code, 1314K rwdata, 4008K rodata, 1528K init, 1316K bss, 50424K reserved, 0K cma-reserved)
[    0.000000] SLUB: HWalign=64, Order=0-3, MinObjects=0, CPUs=2, Nodes=1
[    0.000000] Kernel/User page tables isolation: enabled
[    0.000000] Hierarchical RCU implementation.
[    0.000000] 	Build-time adjustment of leaf fanout to 64.
[    0.000000] 	RCU restricting CPUs from NR_CPUS=512 to nr_cpu_ids=2.
[    0.000000] RCU: Adjusting geometry for rcu_fanout_leaf=64, nr_cpu_ids=2
[    0.000000] NR_IRQS:33024 nr_irqs:440 16
[    0.000000] Console: colour VGA+ 80x25
[    0.000000] console [tty1] enabled
[    0.000000] console [ttyS0] enabled
[    0.000000] tsc: Detected 2711.998 MHz processor
[    0.344025] Calibrating delay loop (skipped) preset value.. 5423.99 BogoMIPS (lpj=10847992)
[    0.347836] pid_max: default: 32768 minimum: 301
[    0.349879] ACPI: Core revision 20150930
[    0.356262] ACPI: 2 ACPI AML tables successfully acquired and loaded
[    0.359397] Security Framework initialized
[    0.361217] Yama: becoming mindful.
[    0.362973] AppArmor: AppArmor initialized
[    0.365054] Dentry cache hash table entries: 131072 (order: 8, 1048576 bytes)
[    0.374550] Inode-cache hash table entries: 65536 (order: 7, 524288 bytes)
[    0.377723] Mount-cache hash table entries: 2048 (order: 2, 16384 bytes)
[    0.380454] Mountpoint-cache hash table entries: 2048 (order: 2, 16384 bytes)
[    0.383669] Initializing cgroup subsys io
[    0.385658] Initializing cgroup subsys memory
[    0.387639] Initializing cgroup subsys devices
[    0.389624] Initializing cgroup subsys freezer
[    0.391745] Initializing cgroup subsys net_cls
[    0.393608] Initializing cgroup subsys perf_event
[    0.395737] Initializing cgroup subsys net_prio
[    0.397661] Initializing cgroup subsys hugetlb
[    0.399733] Initializing cgroup subsys pids
[    0.404307] mce: CPU supports 0 MCE banks
[    0.406750] Last level iTLB entries: 4KB 64, 2MB 8, 4MB 8
[    0.409084] Last level dTLB entries: 4KB 64, 2MB 0, 4MB 0, 1GB 4
[    0.411841] Spectre V2 : Mitigation: Full generic retpoline
[    0.414534] Spectre V2 : Spectre v2 mitigation: Speculation control IBPB not-supported IBRS not-supported
[    0.418958] Spectre V2 : Spectre v2 / SpectreRSB mitigation: Filling RSB on context switch
[    0.424542] Speculative Store Bypass: Vulnerable
[    0.434211] Freeing SMP alternatives memory: 32K
[    0.458107] ftrace: allocating 32291 entries in 127 pages
[    0.566511] smpboot: APIC(0) Converting physical 0 to logical package 0
[    0.569314] smpboot: Max logical packages: 1
[    0.572159] x2apic enabled
[    0.574593] Switched APIC routing to physical x2apic.
[    0.580037] ..TIMER: vector=0x30 apic1=0 pin1=2 apic2=-1 pin2=-1
[    0.689832] smpboot: CPU0: Intel(R) Core(TM) i5-7200U CPU @ 2.50GHz (family: 0x6, model: 0x8e, stepping: 0x9)
[    0.694393] Performance Events: unsupported p6 CPU model 142 no PMU driver, software events only.
[    0.697712] KVM setup paravirtual spinlock
[    0.700137] x86: Booting SMP configuration:
[    0.701787] .... node  #0, CPUs:      #1
[    0.703663] kvm-clock: cpu 1, msr 0:3ffe3041, secondary cpu clock
[    0.706386] mce: CPU supports 0 MCE banks
[    0.709214] x86: Booted up 1 node, 2 CPUs
[    0.711005] smpboot: Total of 2 processors activated (10847.99 BogoMIPS)
[    0.713541] devtmpfs: initialized
[    0.717135] evm: security.selinux
[    0.718486] evm: security.SMACK64
[    0.720054] evm: security.SMACK64EXEC
[    0.721207] evm: security.SMACK64TRANSMUTE
[    0.722434] evm: security.SMACK64MMAP
[    0.723583] evm: security.ima
[    0.724591] evm: security.capability
[    0.726004] clocksource: jiffies: mask: 0xffffffff max_cycles: 0xffffffff, max_idle_ns: 7645041785100000 ns
[    0.729217] futex hash table entries: 512 (order: 3, 32768 bytes)
[    0.731645] pinctrl core: initialized pinctrl subsystem
[    0.733137] RTC time: 10:26:26, date: 01/31/19
[    0.734763] NET: Registered protocol family 16
[    0.748419] cpuidle: using governor ladder
[    0.762894] cpuidle: using governor menu
[    0.766475] PCCT header not found.
[    0.769972] ACPI: bus type PCI registered
[    0.773831] acpiphp: ACPI Hot Plug PCI Controller Driver version: 0.5
[    0.779112] PCI: Using configuration type 1 for base access
[    0.803132] ACPI: Added _OSI(Module Device)
[    0.806692] ACPI: Added _OSI(Processor Device)
[    0.810394] ACPI: Added _OSI(3.0 _SCP Extensions)
[    0.814328] ACPI: Added _OSI(Processor Aggregator Device)
[    0.821510] ACPI: Executed 1 blocks of module-level executable AML code
[    0.835459] ACPI: Interpreter enabled
[    0.838766] ACPI: (supports S0 S5)
[    0.841770] ACPI: Using IOAPIC for interrupt routing
[    0.846586] PCI: Using host bridge windows from ACPI; if necessary, use "pci=nocrs" and report a bug
[    0.867114] ACPI: PCI Root Bridge [PCI0] (domain 0000 [bus 00-ff])
[    0.871303] acpi PNP0A03:00: _OSC: OS supports [ASPM ClockPM Segments MSI]
[    0.877533] acpi PNP0A03:00: _OSC: not requesting OS control; OS requires [ExtendedConfig ASPM ClockPM MSI]
[    0.884585] acpi PNP0A03:00: fail to add MMCONFIG information, can't access extended PCI configuration space under this bridge.
[    0.893412] PCI host bridge to bus 0000:00
[    0.896631] pci_bus 0000:00: root bus resource [io  0x0000-0x0cf7 window]
[    0.901703] pci_bus 0000:00: root bus resource [io  0x0d00-0xffff window]
[    0.906867] pci_bus 0000:00: root bus resource [mem 0x000a0000-0x000bffff window]
[    0.913303] pci_bus 0000:00: root bus resource [mem 0x40000000-0xfdffffff window]
[    0.920183] pci_bus 0000:00: root bus resource [bus 00-ff]
[    0.931438] pci 0000:00:01.1: legacy IDE quirk: reg 0x10: [io  0x01f0-0x01f7]
[    0.936711] pci 0000:00:01.1: legacy IDE quirk: reg 0x14: [io  0x03f6]
[    0.939880] pci 0000:00:01.1: legacy IDE quirk: reg 0x18: [io  0x0170-0x0177]
[    0.943056] pci 0000:00:01.1: legacy IDE quirk: reg 0x1c: [io  0x0376]
[    1.014531] pci 0000:00:07.0: quirk: [io  0x4000-0x403f] claimed by PIIX4 ACPI
[    1.018365] pci 0000:00:07.0: quirk: [io  0x4100-0x410f] claimed by PIIX4 SMB
[    1.043102] ACPI: PCI Interrupt Link [LNKA] (IRQs 5 9 10 *11)
[    1.047355] ACPI: PCI Interrupt Link [LNKB] (IRQs 5 9 *10 11)
[    1.051299] ACPI: PCI Interrupt Link [LNKC] (IRQs 5 *9 10 11)
[    1.055206] ACPI: PCI Interrupt Link [LNKD] (IRQs 5 9 10 *11)
[    1.059245] ACPI: Enabled 2 GPEs in block 00 to 07
[    1.062728] vgaarb: setting as boot device: PCI:0000:00:02.0
[    1.065451] vgaarb: device added: PCI:0000:00:02.0,decodes=io+mem,owns=io+mem,locks=none
[    1.069420] vgaarb: loaded
[    1.070971] vgaarb: bridge control possible 0000:00:02.0
[    1.074243] SCSI subsystem initialized
[    1.076625] ACPI: bus type USB registered
[    1.078847] usbcore: registered new interface driver usbfs
[    1.081444] usbcore: registered new interface driver hub
[    1.084003] usbcore: registered new device driver usb
[    1.093158] PCI: Using ACPI for IRQ routing
[    1.096052] NetLabel: Initializing
[    1.098019] NetLabel:  domain hash size = 128
[    1.100317] NetLabel:  protocols = UNLABELED CIPSOv4
[    1.102802] NetLabel:  unlabeled traffic allowed by default
[    1.105823] amd_nb: Cannot enumerate AMD northbridges
[    1.108384] clocksource: Switched to clocksource kvm-clock
[    1.133496] AppArmor: AppArmor Filesystem Enabled
[    1.135170] pnp: PnP ACPI init
[    1.138050] pnp: PnP ACPI: found 3 devices
[    1.163489] clocksource: acpi_pm: mask: 0xffffff max_cycles: 0xffffff, max_idle_ns: 2085701024 ns
[    1.166448] NET: Registered protocol family 2
[    1.168052] TCP established hash table entries: 8192 (order: 4, 65536 bytes)
[    1.170143] TCP bind hash table entries: 8192 (order: 5, 131072 bytes)
[    1.172108] TCP: Hash tables configured (established 8192 bind 8192)
[    1.174032] UDP hash table entries: 512 (order: 2, 16384 bytes)
[    1.175881] UDP-Lite hash table entries: 512 (order: 2, 16384 bytes)
[    1.178046] NET: Registered protocol family 1
[    1.179458] pci 0000:00:00.0: Limiting direct PCI/PCI transfers
[    1.181049] pci 0000:00:01.0: Activating ISA DMA hang workarounds
[    1.182827] Unpacking initramfs...
[    1.640973] Freeing initrd memory: 14808K
[    1.642605] platform rtc_cmos: registered platform RTC device (no PNP device found)
[    1.644828] Scanning for low memory corruption every 60 seconds
[    1.647376] audit: initializing netlink subsys (disabled)
[    1.649213] audit: type=2000 audit(1548930392.255:1): initialized
[    1.651515] Initialise system trusted keyring
[    1.653688] HugeTLB registered 2 MB page size, pre-allocated 0 pages
[    1.658103] zbud: loaded
[    1.659606] VFS: Disk quotas dquot_6.6.0
[    1.660709] VFS: Dquot-cache hash table entries: 512 (order 0, 4096 bytes)
[    1.662674] squashfs: version 4.0 (2009/01/31) Phillip Lougher
[    1.664571] fuse init (API version 7.23)
[    1.665993] Key type big_key registered
[    1.667284] Allocating IMA MOK and blacklist keyrings.
[    1.673919] Key type asymmetric registered
[    1.675378] Asymmetric key parser 'x509' registered
[    1.677360] Block layer SCSI generic (bsg) driver version 0.4 loaded (major 249)
[    1.680117] io scheduler noop registered
[    1.681379] io scheduler deadline registered (default)
[    1.682877] io scheduler cfq registered
[    1.684126] pci_hotplug: PCI Hot Plug PCI Core version: 0.5
[    1.685762] pciehp: PCI Express Hot Plug Controller Driver version: 0.4
[    1.687645] ACPI: AC Adapter [AC] (off-line)
[    1.688901] input: Power Button as /devices/LNXSYSTM:00/LNXPWRBN:00/input/input0
[    1.691002] ACPI: Power Button [PWRF]
[    1.692091] input: Sleep Button as /devices/LNXSYSTM:00/LNXSLPBN:00/input/input1
[    1.694176] ACPI: Sleep Button [SLPF]
[    1.696439] ACPI: Battery Slot [BAT0] (battery present)
[    1.696723] GHES: HEST is not enabled!
[    1.698953] Serial: 8250/16550 driver, 32 ports, IRQ sharing enabled
 !"#$%&'()*+,-./0123456789:;<=>?@ABCDEFGHIJKLMNOPQRSTUVWXYZ[\]^_`abcdefghijklmnopqrstuvwxyz{|}~ÄÅÇÉÑÖÜáàâäãåçéèêëíìîïñóòôöõúùûü†°¢£§•¶ß®©™´¨≠ÆØ∞±≤≥¥µ∂∑∏π∫ªºΩæø¿¡¬√ƒ≈∆«»… ÀÃÕŒœ–—“”‘’÷◊ÿŸ⁄€‹›ﬁﬂ‡·‚„‰ÂÊÁËÈÍÎÏÌÓÔÒÚÛÙıˆ˜¯˘˙˚¸˝˛ˇ[    1.723434] 00:02: ttyS0 at I/O 0x3f8 (irq = 4, base_baud = 115200) is a 16550A
[    1.736005] Linux agpgart interface v0.103
[    1.742930] loop: module loaded
[    1.745073] scsi host0: ata_piix
[    1.746671] scsi host1: ata_piix
[    1.748191] ata1: PATA max UDMA/33 cmd 0x1f0 ctl 0x3f6 bmdma 0xd000 irq 14
[    1.749961] ata2: PATA max UDMA/33 cmd 0x170 ctl 0x376 bmdma 0xd008 irq 15
[    1.752173] libphy: Fixed MDIO Bus: probed
[    1.753378] tun: Universal TUN/TAP device driver, 1.6
[    1.754635] tun: (C) 1999-2004 Max Krasnyansky <maxk@qualcomm.com>
[    1.756422] PPP generic driver version 2.4.2
[    1.757839] ehci_hcd: USB 2.0 'Enhanced' Host Controller (EHCI) Driver
[    1.759439] ehci-pci: EHCI PCI platform driver
[    1.760617] ehci-platform: EHCI generic platform driver
[    1.762044] ohci_hcd: USB 1.1 'Open' Host Controller (OHCI) Driver
[    1.763842] ohci-pci: OHCI PCI platform driver
[    1.765022] ohci-platform: OHCI generic platform driver
[    1.766332] uhci_hcd: USB Universal Host Controller Interface driver
[    1.767953] i8042: PNP: PS/2 Controller [PNP0303:PS2K,PNP0f03:PS2M] at 0x60,0x64 irq 1,12
[    1.771059] serio: i8042 KBD port at 0x60,0x64 irq 1
[    1.772460] serio: i8042 AUX port at 0x60,0x64 irq 12
[    1.774308] mousedev: PS/2 mouse device common for all mice
[    1.776958] input: AT Translated Set 2 keyboard as /devices/platform/i8042/serio0/input/input2
[    1.779944] rtc_cmos rtc_cmos: rtc core: registered rtc_cmos as rtc0
[    1.781787] rtc_cmos rtc_cmos: alarms up to one day, 114 bytes nvram
[    1.783533] i2c /dev entries driver
[    1.784658] device-mapper: uevent: version 1.0.3
[    1.786255] device-mapper: ioctl: 4.34.0-ioctl (2015-10-28) initialised: dm-devel@redhat.com
[    1.788558] ledtrig-cpu: registered to indicate activity on CPUs
[    1.792242] NET: Registered protocol family 10
[    1.793888] NET: Registered protocol family 17
[    1.795140] Key type dns_resolver registered
[    1.797687] registered taskstats version 1
[    1.798805] Loading compiled-in X.509 certificates
[    1.800652] Loaded X.509 cert 'Build time autogenerated kernel key: 7c9fb337b82e5a343493fe891c556beae1895c7c'
[    1.803180] zswap: loaded using pool lzo/zbud
[    1.808895] Key type trusted registered
[    1.816012] Key type encrypted registered
[    1.817314] AppArmor: AppArmor sha1 policy hashing enabled
[    1.819114] ima: No TPM chip found, activating TPM-bypass!
[    1.820611] ima: Allocated hash algorithm: sha1
[    1.822218] evm: HMAC attrs: 0x1
[    1.823861]   Magic number: 3:732:427
[    1.825273] rtc_cmos rtc_cmos: setting system clock to 2019-01-31 10:26:27 UTC (1548930387)
[    1.828819] BIOS EDD facility v0.16 2004-Jun-25, 0 devices found
[    1.830442] EDD information not available.
[    1.912843] Freeing unused kernel memory: 1528K
[    1.917099] Write protecting the kernel read-only data: 14336k
[    1.923715] Freeing unused kernel memory: 1660K
[    1.928944] Freeing unused kernel memory: 88K
Loading, please wait...
starting version 229
[    1.984743] random: systemd-udevd: uninitialized urandom read (16 bytes read, 5 bits of entropy available)
[    1.986305] random: udevadm: uninitialized urandom read (16 bytes read, 5 bits of entropy available)
[    1.986378] random: udevadm: uninitialized urandom read (16 bytes read, 5 bits of entropy available)
[    2.014774] random: systemd-udevd: uninitialized urandom read (16 bytes read, 5 bits of entropy available)
[    2.022060] random: systemd-udevd: uninitialized urandom read (16 bytes read, 5 bits of entropy available)
[    2.025316] random: udevadm: uninitialized urandom read (16 bytes read, 5 bits of entropy available)
[    2.025474] random: udevadm: uninitialized urandom read (16 bytes read, 5 bits of entropy available)
[    2.025913] random: udevadm: uninitialized urandom read (16 bytes read, 5 bits of entropy available)
[    2.026022] random: udevadm: uninitialized urandom read (16 bytes read, 5 bits of entropy available)
[    2.026176] random: udevadm: uninitialized urandom read (16 bytes read, 5 bits of entropy available)
[    2.125205] e1000: Intel(R) PRO/1000 Network Driver - version 7.3.21-k8-NAPI
[    2.127331] e1000: Copyright (c) 1999-2006 Intel Corporation.
[    2.133106] Fusion MPT base driver 3.04.20
[    2.134516] Copyright (c) 1999-2008 LSI Corporation
[    2.152144] Fusion MPT SPI Host driver 3.04.20
[    2.185704] AVX2 version of gcm_enc/dec engaged.
[    2.187670] AES CTR mode by8 optimization enabled
[    2.376811] input: ImExPS/2 Generic Explorer Mouse as /devices/platform/i8042/serio1/input/input4
[    2.642076] clocksource: tsc: mask: 0xffffffffffffffff max_cycles: 0x27178451938, max_idle_ns: 440795251172 ns
[    2.682841] e1000 0000:00:03.0 eth0: (PCI:33MHz:32-bit) 02:9c:d2:53:c1:d1
[    2.689852] e1000 0000:00:03.0 eth0: Intel(R) PRO/1000 Network Connection
[    3.422127] e1000 0000:00:08.0 eth1: (PCI:33MHz:32-bit) 08:00:27:a6:19:d4
[    3.428333] e1000 0000:00:08.0 eth1: Intel(R) PRO/1000 Network Connection
[    3.434525] mptbase: ioc0: Initiating bringup
[    3.436394] e1000 0000:00:03.0 enp0s3: renamed from eth0
[    3.447544] e1000 0000:00:08.0 enp0s8: renamed from eth1
[    3.506192] ioc0: LSI53C1030 A0: Capabilities={Initiator}
[    3.688329] scsi host2: ioc0: LSI53C1030 A0, FwRev=00000000h, Ports=1, MaxQ=256, IRQ=20
[    3.811260] scsi 2:0:0:0: Direct-Access     VBOX     HARDDISK         1.0  PQ: 0 ANSI: 5
[    3.819191] scsi target2:0:0: Beginning Domain Validation
[    3.831104] scsi target2:0:0: Domain Validation skipping write tests
[    3.836550] scsi target2:0:0: Ending Domain Validation
[    3.841164] scsi target2:0:0: asynchronous
[    3.847384] scsi 2:0:1:0: Direct-Access     VBOX     HARDDISK         1.0  PQ: 0 ANSI: 5
[    3.855069] scsi target2:0:1: Beginning Domain Validation
[    3.898120] scsi target2:0:1: Domain Validation skipping write tests
[    3.902855] scsi target2:0:1: Ending Domain Validation
[    3.905877] scsi target2:0:1: asynchronous
[    3.919426] sd 2:0:0:0: [sda] 20971520 512-byte logical blocks: (10.7 GB/10.0 GiB)
[    3.919612] sd 2:0:0:0: Attached scsi generic sg0 type 0
[    3.925141] sd 2:0:0:0: [sda] Write Protect is off
[    3.927361] sd 2:0:1:0: [sdb] 20480 512-byte logical blocks: (10.5 MB/10.0 MiB)
[    3.927447] sd 2:0:1:0: Attached scsi generic sg1 type 0
[    3.932819] sd 2:0:0:0: [sda] Incomplete mode parameter data
[    3.933528] sd 2:0:1:0: [sdb] Write Protect is off
[    3.933734] sd 2:0:1:0: [sdb] Incomplete mode parameter data
[    3.933737] sd 2:0:1:0: [sdb] Assuming drive cache: write through
[    3.942765] sd 2:0:0:0: [sda] Assuming drive cache: write through
[    3.944708] sd 2:0:1:0: [sdb] Attached SCSI disk
[    3.950645]  sda: sda1
[    3.952985] sd 2:0:0:0: [sda] Attached SCSI disk
Begin: Loading essential drivers ... [    5.794025] md: linear personality registered for level -1
[    5.799593] md: multipath personality registered for level -4
[    5.805344] md: raid0 personality registered for level 0
[    5.810895] md: raid1 personality registered for level 1
[    5.884714] raid6: sse2x1   gen()  6515 MB/s
[    5.952489] raid6: sse2x1   xor()  5001 MB/s
[    6.020502] raid6: sse2x2   gen()  8037 MB/s
[    6.088755] raid6: sse2x2   xor()  6329 MB/s
[    6.156651] raid6: sse2x4   gen()  9958 MB/s
[    6.224501] raid6: sse2x4   xor()  6708 MB/s
[    6.292758] raid6: avx2x1   gen() 10958 MB/s
[    6.360439] raid6: avx2x2   gen() 15771 MB/s
[    6.428465] raid6: avx2x4   gen() 15454 MB/s
[    6.430275] raid6: using algorithm avx2x2 gen() 15771 MB/s
[    6.431796] raid6: using avx2x2 recovery algorithm
[    6.435256] xor: automatically using best checksumming function:
[    6.476757]    avx       : 14852.000 MB/sec
[    6.480104] async_tx: api initialized (async)
[    6.491607] md: raid6 personality registered for level 6
[    6.494153] md: raid5 personality registered for level 5
[    6.496131] md: raid4 personality registered for level 4
[    6.508184] md: raid10 personality registered for level 10
done.
Begin: Running /scripts/init-premount ... done.
Begin: Mounting root file system ... Begin: Running /scripts/local-top ... done.
Begin: Running /scripts/local-premount ... [    6.567779] Btrfs loaded
Scanning for Btrfs filesystems
done.
Warning: fsck not present, so skipping root file system
[    6.639074] EXT4-fs (sda1): mounted filesystem with ordered data mode. Opts: (null)
done.
Begin: Running /scripts/local-bottom ... done.
Begin: Running /scripts/init-bottom ... done.
[    6.946357] systemd[1]: systemd 229 running in system mode. (+PAM +AUDIT +SELINUX +IMA +APPARMOR +SMACK +SYSVINIT +UTMP +LIBCRYPTSETUP +GCRYPT +GNUTLS +ACL +XZ -LZ4 +SECCOMP +BLKID +ELFUTILS +KMOD -IDN)
[    6.964013] systemd[1]: Detected virtualization oracle.
[    6.971202] systemd[1]: Detected architecture x86-64.

Welcome to [1mUbuntu 16.04.5 LTS[0m!

[    6.987679] systemd[1]: Set hostname to <ubuntu>.
[    6.999938] systemd[1]: Initializing machine ID from random generator.
[    7.007529] systemd[1]: Installed transient /etc/machine-id file.
[    7.539766] systemd[1]: Listening on LVM2 poll daemon socket.
[[0;32m  OK  [0m] Listening on LVM2 poll daemon socket.
[    7.543919] systemd[1]: Created slice User and Session Slice.
[[0;32m  OK  [0m] Created slice User and Session Slice.
[    7.547488] systemd[1]: Listening on /dev/initctl Compatibility Named Pipe.
[[0;32m  OK  [0m] Listening on /dev/initctl Compatibility Named Pipe.
[    7.551519] systemd[1]: Reached target User and Group Name Lookups.
[[0;32m  OK  [0m] Reached target User and Group Name Lookups.
[    7.555359] systemd[1]: Listening on Journal Socket.
[[0;32m  OK  [0m] Listening on Journal Socket.
[    7.558545] systemd[1]: Started Trigger resolvconf update for networkd DNS.
[[0;32m  OK  [0m] Started Trigger resolvconf update for networkd DNS.
[    7.562565] systemd[1]: Started Forward Password Requests to Wall Directory Watch.
[[0;32m  OK  [0m] Started Forward Password Requests to Wall Directory Watch.
[    7.567542] systemd[1]: Listening on udev Kernel Socket.
[[0;32m  OK  [0m] Listening on udev Kernel Socket.
[    7.571078] systemd[1]: Set up automount Arbitrary Executable File Formats File System Automount Point.
[[0;32m  OK  [0m] Set up automount Arbitrary Executab...ats File System Automount Point.
[    7.576260] systemd[1]: Listening on Journal Socket (/dev/log).
[[0;32m  OK  [0m] Listening on Journal Socket (/dev/log).
[    7.642745] systemd[1]: Listening on udev Control Socket.
[[0;32m  OK  [0m] Listening on udev Control Socket.
[    7.665630] systemd[1]: Listening on LVM2 metadata daemon socket.
[[0;32m  OK  [0m] Listening on LVM2 metadata daemon socket.
[    7.675486] systemd[1]: Reached target Encrypted Volumes.
[[0;32m  OK  [0m] Reached target Encrypted Volumes.
[    7.683709] systemd[1]: Listening on Journal Audit Socket.
[[0;32m  OK  [0m] Listening on Journal Audit Socket.
[    7.692166] systemd[1]: Listening on Device-mapper event daemon FIFOs.
[[0;32m  OK  [0m] Listening on Device-mapper event daemon FIFOs.
[    8.377497] systemd[1]: Reached target Swap.
[[0;32m  OK  [0m] Reached target Swap.
[    8.386573] systemd[1]: Created slice System Slice.
[[0;32m  OK  [0m] Created slice System Slice.
[    8.417618] systemd[1]: Starting Uncomplicated firewall...
         Starting Uncomplicated firewall...
[    8.435438] systemd[1]: Starting Remount Root and Kernel File Systems...
         Starting Remount Root and Kernel File Systems...
[    8.452800] systemd[1]: Starting Nameserver information manager...
[    8.462297] EXT4-fs (sda1): re-mounted. Opts: (null)
         Starting Nameserver information manager...
[    8.472357] systemd[1]: Starting Monitoring of LVM2 mirrors, snapshots etc. using dmeventd or progress polling...
         Starting Monitoring of LVM2 mirrors... dmeventd or progress polling...
[    8.485130] systemd[1]: Starting Create list of required static device nodes for the current kernel...
         Starting Create list of required st... nodes for the current kernel...
[    8.499861] systemd[1]: Mounting POSIX Message Queue File System...
         Mounting POSIX Message Queue File System...
[    8.519058] systemd[1]: Created slice system-serial\x2dgetty.slice.
[[0;32m  OK  [0m] Created slice system-serial\x2dgetty.slice.
[    8.545705] systemd[1]: Starting Load Kernel Modules...
         Starting Load Kernel Modules...
[    8.555160] systemd[1]: Mounting Huge Pages File System...
         Mounting Huge Pages File System...
[    8.566410] systemd[1]: Mounting Debug File System...
         Mounting Debug File System...
[    8.572947] systemd[1]: Starting Set console keymap...
         Startin[    8.577901] random: nonblocking pool is initialized
g Set console keymap...
[    8.580868] Loading iSCSI transport class v2.0-870.
[    8.582581] systemd[1]: Reached target Slices.
[[0;32m  OK  [0m] Reached target Slices.
[    8.593376] systemd[1]: Listening on Syslog Socket.
[[0;32m  OK  [0m] Listening on Syslog Socket.
[    8.598961] iscsi: registered transport (tcp)
[    8.612714] systemd[1]: Starting Journal Service...
         Starting Journal Service...
[    8.617576] systemd[1]: Reached target System Time Synchronized.
[[0;32m  OK  [0m] Reached target System Time Synchronized.
[    8.629600] systemd[1]: Mounted Debug File System.
[[0;32m  OK  [0m] Mounted Debug File System.
[    8.633226] systemd[1]: Mounted Huge Pages File System.
[[0;32m  OK  [0m] Mounted Huge Pages File System.
[    8.640881] systemd[1]: Mounted POSIX Message Queue File System.
[[0;32m  OK  [0m] Mounted POSIX Message Queue File System.
[    8.645476] systemd[1]: Started Uncomplicated firewall.
[[0;32m  OK  [0m] Started Uncomplicated firewall.
[    8.649623] systemd[1]: Started Remount Root and Kernel File Systems.
[[0;32m  OK  [0m] Started Remount Root and Kernel File Systems.
[    8.656103] iscsi: registered transport (iser)
[    8.666369] systemd[1]: Started Create list of required static device nodes for the current kernel.
[[0;32m  OK  [0m] Started Create list of required sta...ce nodes for the current kernel.
[    8.685365] systemd[1]: Started Load Kernel Modules.
[[0;32m  OK  [0m] Started Load Kernel Modules.
[    8.700780] systemd[1]: Started Nameserver information manager.
[[0;32m  OK  [0m] Started Nameserver information manager.
[    8.738682] systemd[1]: Started Set console keymap.
[[0;32m  OK  [0m] Started Set console keymap.
[    8.749268] systemd[1]: Started Journal Service.
[[0;32m  OK  [0m] Started Journal Service.
[[0;32m  OK  [0m] Started LVM2 metadata daemon.
         Mounting FUSE Control File System...
         Starting Apply Kernel Variables...
         Starting Create Static Device Nodes in /dev...
         Starting Load/Save Random Seed...
         Starting Flush Journal to Persistent Storage...
         Starting udev Coldplug all Devices...
[[0;32m  OK  [0m] Mounted FUSE Control File System.
[[0;32m  OK  [0m] Started Load/Save Random Seed.
[[0;32m  OK  [0m] Started Apply Kernel Variables.
[[0;32m  OK  [0m] Started Create Static Device Nodes in /dev.
[[0;32m  OK  [0m] Started Flush Journal to Persistent Storage.
[[0;32m  OK  [0m] Started udev Coldplug all Devices.
         Starting udev Kernel Device Manager...
[[0;32m  OK  [0m] Started udev Kernel Device Manager.
[[0;32m  OK  [0m] Started Dispatch Password Requests to Console Directory Watch.
[[0;32m  OK  [0m] Started Monitoring of LVM2 mirrors,...ng dmeventd or progress polling.
[[0;32m  OK  [0m] Reached target Local File Systems (Pre).
[[0;32m  OK  [0m] Reached target Local File Systems.
         Starting LSB: AppArmor initialization...
         Starting Commit a transient machine-id on disk...
         Starting Tell Plymouth To Write Out Runtime Data...
         Starting Initial cloud-init job (pre-networking)...
         Starting Set console font and keymap...
         Starting Create Volatile Files and Directories...
[[0;32m  OK  [0m] Started Create Volatile Files and Directories.
[[0;32m  OK  [0m] Started Tell Plymouth To Write Out Runtime Data.
         Starting Update UTMP about System Boot/Shutdown...
[[0;32m  OK  [0m] Started Commit a transient machine-id on disk.
[[0;32m  OK  [0m] Started Update UTMP about System Boot/Shutdown.
[[0;32m  OK  [0m] Found device /dev/ttyS0.
[[0;32m  OK  [0m] Listening on Load/Save RF Kill Switch Status /dev/rfkill Watch.
[   11.200231] cloud-init[487]: Cloud-init v. 18.4-0ubuntu1~16.04.2 running 'init-local' at Thu, 31 Jan 2019 10:26:36 +0000. Up 10.38 seconds.
[[0;32m  OK  [0m] Started Initial cloud-init job (pre-networking).
[[0;32m  OK  [0m] Reached target Network (Pre).
[[0;32m  OK  [0m] Started Set console font and keymap.
[[0;32m  OK  [0m] Created slice system-getty.slice.
[[0;32m  OK  [0m] Started LSB: AppArmor initialization.
         Starting Raise network interfaces...
[[0;32m  OK  [0m] Started Raise network interfaces.
[[0;32m  OK  [0m] Reached target Network.
         Starting Initial cloud-init job (metadata service crawler)...
[   14.618672] cloud-init[940]: Cloud-init v. 18.4-0ubuntu1~16.04.2 running 'init' at Thu, 31 Jan 2019 10:26:39 +0000. Up 13.38 seconds.
[   14.622156] cloud-init[940]: ci-info: ++++++++++++++++++++++++++++++++++++++Net device info+++++++++++++++++++++++++++++++++++++++
[   14.625994] cloud-init[940]: ci-info: +--------+-------+----------------------------+---------------+--------+-------------------+
[   14.630199] cloud-init[940]: ci-info: | Device |   Up  |          Address           |      Mask     | Scope  |     Hw-Address    |
[   14.634342] cloud-init[940]: ci-info: +--------+-------+----------------------------+---------------+--------+-------------------+
[   14.637279] cloud-init[940]: ci-info: | enp0s3 |  True |         10.0.2.15          | 255.255.255.0 | global | 02:9c:d2:53:c1:d1 |
[   14.648559] cloud-init[940]: ci-info: | enp0s3 |  True | fe80::9c:d2ff:fe53:c1d1/64 |       .       |  link  | 02:9c:d2:53:c1:d1 |
[   14.653380] cloud-init[940]: ci-info: | enp0s8 | False |             .              |       .       |   .    | 08:00:27:a6:19:d4 |
[   14.656477] cloud-init[940]: ci-info: |   lo   |  True |         127.0.0.1          |   255.0.0.0   |  host  |         .         |
[   14.660374] cloud-init[940]: ci-info: |   lo   |  True |          ::1/128           |       .       |  host  |         .         |
[   14.663963] cloud-init[940]: ci-info: +--------+-------+----------------------------+---------------+--------+-------------------+
[   14.668940] cloud-init[940]: ci-info: +++++++++++++++++++++++++++Route IPv4 info++++++++++++++++++++++++++++
[   14.672552] cloud-init[940]: ci-info: +-------+-------------+----------+---------------+-----------+-------+
[   14.675858] cloud-init[940]: ci-info: | Route | Destination | Gateway  |    Genmask    | Interface | Flags |
[   14.679087] cloud-init[940]: ci-info: +-------+-------------+----------+---------------+-----------+-------+
[   14.682250] cloud-init[940]: ci-info: |   0   |   0.0.0.0   | 10.0.2.2 |    0.0.0.0    |   enp0s3  |   UG  |
[   14.685039] cloud-init[940]: ci-info: |   1   |   10.0.2.0  | 0.0.0.0  | 255.255.255.0 |   enp0s3  |   U   |
[   14.687666] cloud-init[940]: ci-info: +-------+-------------+----------+---------------+-----------+-------+
[   14.689794] cloud-init[940]: ci-info: +++++++++++++++++++Route IPv6 info+++++++++++++++++++
[[0;32m  OK  [0m] Started Initial cloud-init job (metadata service crawler).
[[0;32m  OK  [0m[   14.693038] cloud-init[940]: ci-info: +-------+-------------+---------+-----------+-------+
[   14.704784] cloud-init[940]: ci-info: | Route | Destination | Gateway | Interface | Flags |
[   14.705618] cloud-init[940]: ci-info: +-------+-------------+---------+-----------+-------+
[   14.706657] cloud-init[940]: ci-info: |   0   |  fe80::/64  |    ::   |   enp0s3  |   U   |
[   14.707715] cloud-init[940]: ci-info: |   3   |   ff00::/8  |    ::   |   enp0s3  |   U   |
[   14.708696] cloud-init[940]: ci-info: +-------+-------------+---------+-----------+-------+
[   14.709524] cloud-init[940]: Generating public/private rsa key pair.
[   14.710323] cloud-init[940]: Your identification has been saved in /etc/ssh/ssh_host_rsa_key.
[   14.710867] cloud-init[940]: Your public key has been saved in /etc/ssh/ssh_host_rsa_key.pub.
[   14.711387] cloud-init[940]: The key fingerprint is:
[   14.712288] cloud-init[940]: SHA256:tFYj0wQQkfPFG0BJvO0GYKTcmfMM8YTeglyHTo7h0Fo root@ubuntu-xenial
[   14.712966] cloud-init[940]: The key's randomart image is:
[   14.713452] cloud-init[940]: +---[RSA 2048]----+
[   14.714171] cloud-init[940]: |   . .*@*=.      |
[   14.715041] cloud-init[940]: |  ..EoX*+o+      |
[   14.715729] cloud-init[940]: |   *o@**=++o     |
[   14.716535] cloud-init[940]: |  . = =*==o.     |
[   14.717393] cloud-init[940]: |       .So       |
[   14.718195] cloud-init[940]: |       .  o      |
[   14.719004] cloud-init[940]: |         .       |
[   14.719861] cloud-init[940]: |                 |
[   14.721038] cloud-init[940]: |                 |
[   14.721694] cloud-init[940]: +----[SHA256]-----+
[   14.722358] cloud-init[940]: Generating public/private dsa key pair.
[   14.723070] cloud-init[940]: Your identification has been saved in /etc/ssh/ssh_host_dsa_key.
[   14.723130] cloud-init[940]: Your public key has been saved in /etc/ssh/ssh_host_dsa_key.pub.
] Reached target Cloud-config availability.
[   14.723192] cloud-init[940]: The key fingerprint is:
[   14.728273] cloud-init[940]: SHA256:hfWbQ8ErRhoyysiBsoO6q6xNcN7b03kR9GkX9mR0cmk root@ubuntu-xenial
[   14.728504] cloud-init[940]: The key's randomart image is:
[   14.728784] cloud-init[940]: +---[DSA 1024]----+
[   14.729043] cloud-init[940]: | .        ... ..=|
[   14.729642] cloud-init[940]: |o .   o .oo...oE+|
[   14.730161] cloud-init[940]: |oo + . o.=..o+.= |
[   14.730979] cloud-init[940]: |+ o o   ..+.=o. .|
[   14.731284] cloud-init[940]: |o..     S. ++.   |
[   14.731977] cloud-init[940]: |.+ .      .  .   |
[   14.732645] cloud-init[940]: | .o .  . . .     |
[   14.733306] cloud-init[940]: |oo   o. o .      |
[   14.733857] cloud-init[940]: |*o. . .. .       |
[   14.734114] cloud-init[940]: +----[SHA256]-----+
[   14.734869] cloud-init[940]: Generating public/private ecdsa key pair.
[   14.735683] cloud-init[940]: Your identification has been saved in /etc/ssh/ssh_host_ecdsa_key.
[   14.736494] cloud-init[940]: Your public key has been saved in /etc/ssh/ssh_host_ecdsa_key.pub.
[   14.736958] cloud-init[940]: The key fingerprint is:
[   14.737600] cloud-init[940]: SHA256:Y2VUMgQ1T8RZ/plnE4W1vDhpWmpFQKNW1HT5eCN03+Q root@ubuntu-xenial
[   14.738481] cloud-init[940]: The key's randomart image is:
[   14.738946] cloud-init[940]: +---[ECDSA 256]---+
[   14.739566] cloud-init[940]: |        .+XX*+.++|
[   14.740089] cloud-init[940]: |         .o*=++o+|
[   14.740262] cloud-init[940]: |         oo o.oB+|
[   14.740520] cloud-init[940]: |        .o  ..+oE|
[   14.740780] cloud-init[940]: |        S    B.*=|
[   14.741567] cloud-init[940]: |       . .  * ..o|
[   14.742240] cloud-init[940]: |           +     |
[   14.742857] cloud-init[940]: |          .      |
[   14.743427] cloud-init[940]: |                 |
[   14.743678] cloud-init[940]: +----[SHA256]-----+
[   14.744764] cloud-init[940]: Generating public/private ed25519 key pair.
[   14.745606] cloud-init[940]: Your identification has been saved in /etc/ssh/ssh_host_ed25519_key.
[   14.745930] cloud-init[940]: Your public key has been saved in /etc/ssh/ssh_host_ed25519_key.pub.
[   14.746668] cloud-init[940]: The key fingerprint is:
[   14.747436] cloud-init[940]: SHA256:kfZ+aRyLpkVQIk3wSDAP94s6ABVrqHmvfkD3tPyow0U root@ubuntu-xenial
[   14.748282] cloud-init[940]: The key's randomart image is:
[   14.748951] cloud-init[940]: +--[ED25519 256]--+
[   14.749547] cloud-init[940]: |  o.+.=+o .      |
[   14.750191] cloud-init[940]: | o . * =.+       |
[   14.750973] cloud-init[940]: |o o   o B        |
[   14.751588] cloud-init[940]: |.+. . Eo =       |
[   14.752124] cloud-init[940]: |o.o. =..S o .    |
[   14.752547] cloud-init[940]: | ..o .=  o o +   |
[   14.753394] cloud-init[940]: |   o+. o  = *    |
[   14.754015] cloud-init[940]: |   .+.. .+ o     |
[   14.754448] cloud-init[940]: | .o..o  .        |
[   14.755262] cloud-init[940]: +----[SHA256]-----+
[[0;32m  OK  [0m] Reached target System Initialization.
         Starting Socket activation for snappy daemon.
[[0;32m  OK  [0m] Started Daily Cleanup of Temporary Directories.
[[0;32m  OK  [0m] Listening on D-Bus System Message Bus Socket.
[[0;32m  OK  [0m] Started ACPI Events Check.
[[0;32m  OK  [0m] Reached target Paths.
[[0;32m  OK  [0m] Listening on UUID daemon activation socket.
         Starting LXD - unix socket.
[[0;32m  OK  [0m] Listening on ACPID Listen Socket.
[[0;32m  OK  [0m] Started Daily apt download activities.
[[0;32m  OK  [0m] Started Daily apt upgrade and clean activities.
[[0;32m  OK  [0m] Reached target Timers.
[[0;32m  OK  [0m] Reached target Network is Online.
         Starting iSCSI initiator daemon (iscsid)...
[[0;32m  OK  [0m] Listening on Socket activation for snappy daemon.
[[0;32m  OK  [0m] Listening on LXD - unix socket.
[[0;32m  OK  [0m] Started iSCSI initiator daemon (iscsid).
         Starting Login to default iSCSI targets...
[[0;32m  OK  [0m] Reached target Sockets.
[[0;32m  OK  [0m] Reached target Basic System.
         Starting /etc/rc.local Compatibility...
         Starting System Logging Service...
         Starting LXD - container startup/shutdown...
[[0;32m  OK  [0m] Started Unattended Upgrades Shutdown.
         Starting Accounts Service...
[[0;32m  OK  [0m] Started Regular background program processing daemon.
[[0;32m  OK  [0m] Started FUSE filesystem for LXC.
         Starting Virtualbox guest utils...
         Starting LSB: Record successful boot for GRUB...
         Starting Pollinate to seed the pseudo random number generator...
[[0;32m  OK  [0m] Started ACPI event daemon.
[[0;32m  OK  [0m] Started D-Bus System Message Bus.
         Starting LSB: MD monitoring daemon...
         Starting Login Service...
[[0;32m  OK  [0m] Started Deferred execution scheduler.
         Starting Snappy daemon...
[[0;32m  OK  [0m] Started System Logging Service.
[[0;32m  OK  [0m] Started /etc/rc.local Compatibility.
[[0;32m  OK  [0m] Started Login to default iSCSI targets.
[[0;32m  OK  [0m] Started LXD - container startup/shutdown.
[[0;32m  OK  [0m] Started LSB: Record successful boot for GRUB.
[[0;32m  OK  [0m] Started LSB: MD monitoring daemon.
[[0;32m  OK  [0m] Started Login Service.
         Starting Authenticate and Authorize Users to Run Privileged Tasks...
[[0;32m  OK  [0m] Reached target Remote File Systems (Pre).
[[0;32m  OK  [0m] Reached target Remote File Systems.
         Starting LSB: automatic crash report generation...
         Starting LSB: daemon to balance interrupts for SMP systems...
         Starting LSB: Set the CPU Frequency Scaling governor to "ondemand"...
         Starting Permit User Sessions...
[[0;32m  OK  [0m] Started Permit User Sessions.
         Starting Terminate Plymouth Boot Screen...
         Starting Hold until boot process finishes up...
[[0;32m  OK  [0m] Started Virtualbox guest utils.
[[0;32m  OK  [0m] Started Authenticate and Authorize Users to Run Privileged Tasks.
[[0;32m  OK  [0m] Started Terminate Plymouth Boot Screen.
[[0;32m  OK  [0m] Started Accounts Service.
[[0;32m  OK  [0m] Started Hold until boot process finishes up.
[[0;32m  OK  [0m] Started LSB: Set the CPU Frequency Scaling governor to "ondemand".
[[0;32m  OK  [0m] Started Serial Getty on ttyS0.
[[0;32m  OK  [0m] Started Getty on tty1.
[[0;32m  OK  [0m] Reached target Login Prompts.
         Starting Set console scheme...
[[0;32m  OK  [0m] Started Snappy daemon.
[[0;32m  OK  [0m] Started Pollinate to seed the pseudo random number generator.
[[0;32m  OK  [0m] Started LSB: automatic crash report generation.
[[0;32m  OK  [0m] Started LSB: daemon to balance interrupts for SMP systems.
[[0;32m  OK  [0m] Started Set console scheme.
         Starting OpenBSD Secure Shell server...
         Starting Wait until snapd is fully seeded...
[[0;32m  OK  [0m] Started OpenBSD Secure Shell server.
[[0;32m  OK  [0m] Started Wait until snapd is fully seeded.
         Starting Apply the settings specified in cloud-config...
[[0;32m  OK  [0m] Reached target Multi-User System.
[[0;32m  OK  [0m] Reached target Graphical Interface.
         Starting Update UTMP about System Runlevel Changes...
[[0;32m  OK  [0m] Started Update UTMP about System Runlevel Changes.
[[0;32m  OK  [0m] Created slice User Slice of vagrant.
         Starting User Manager for UID 1000...
[[0;32m  OK  [0m] Started Session 1 of user vagrant.
[[0;32m  OK  [0m] Started User Manager for UID 1000.
[   18.161299] cloud-init[1276]: Generating locales (this might take a while)...
[   20.251700] cloud-init[1276]:   en_US.UTF-8... done
[   20.253206] cloud-init[1276]: Generation complete.
[   20.890095] cloud-init[1276]: Cloud-init v. 18.4-0ubuntu1~16.04.2 running 'modules:config' at Thu, 31 Jan 2019 10:26:44 +0000. Up 17.89 seconds.

Ubuntu 16.04.5 LTS ubuntu-xenial ttyS0

ubuntu-xenial login: ci-info: no authorized ssh keys fingerprints found for user ubuntu.
<14>Jan 31 10:26:48 ec2: 
<14>Jan 31 10:26:48 ec2: #############################################################
<14>Jan 31 10:26:48 ec2: -----BEGIN SSH HOST KEY FINGERPRINTS-----
<14>Jan 31 10:26:48 ec2: 1024 SHA256:hfWbQ8ErRhoyysiBsoO6q6xNcN7b03kR9GkX9mR0cmk root@ubuntu-xenial (DSA)
<14>Jan 31 10:26:48 ec2: 256 SHA256:Y2VUMgQ1T8RZ/plnE4W1vDhpWmpFQKNW1HT5eCN03+Q root@ubuntu-xenial (ECDSA)
<14>Jan 31 10:26:48 ec2: 256 SHA256:kfZ+aRyLpkVQIk3wSDAP94s6ABVrqHmvfkD3tPyow0U root@ubuntu-xenial (ED25519)
<14>Jan 31 10:26:48 ec2: 2048 SHA256:tFYj0wQQkfPFG0BJvO0GYKTcmfMM8YTeglyHTo7h0Fo root@ubuntu-xenial (RSA)
<14>Jan 31 10:26:48 ec2: -----END SSH HOST KEY FINGERPRINTS-----
<14>Jan 31 10:26:48 ec2: #############################################################
-----BEGIN SSH HOST KEY KEYS-----
ecdsa-sha2-nistp256 AAAAE2VjZHNhLXNoYTItbmlzdHAyNTYAAAAIbmlzdHAyNTYAAABBBL+KPPVg5UphcTly9z7WbT+OkGru5IcD8wDvpQ/UHOmERAsallB0qu2r26zxWu3mFfoUJKaE6bJYlzAxExWZrzI= root@ubuntu-xenial
ssh-ed25519 AAAAC3NzaC1lZDI1NTE5AAAAIBPEVr3d9WC06SVl6HHNbasYcbtdygpSSzwgQ4azieON root@ubuntu-xenial
ssh-rsa AAAAB3NzaC1yc2EAAAADAQABAAABAQDvAecf008OjphVbwNh6fQms/kuMEMa6Ng0xiyPQqx6wxzTQlHb6Po3Ot9Y1XT4FICwgDNE8aAnIQaQy8YQizIGzOI+L1ts1eQrt0d1zjsD3HYjyxYZRRCoERDVrYOimqbSa0Iq0EZHQfcUBLBFzJWwxtKgKzzPKe6GYDEMNrKn8621ESvDfruArRPrXoB48UsTpbWdp4N1He9tp2w13uiE1q5s95gNcgcZlWhIu4kE343fBEwgvz4ZvGS8f29onPPkhsZMId4JB6Pgg4qUHv2ehIEDxCQD4GvgAogxhOBXhUHkhSdaYVfoRsVwgDLFEY0LQsAQivE3T/2XZP9B1aCl root@ubuntu-xenial
-----END SSH HOST KEY KEYS-----
[   21.849719] cloud-init[1494]: Cloud-init v. 18.4-0ubuntu1~16.04.2 running 'modules:final' at Thu, 31 Jan 2019 10:26:47 +0000. Up 21.57 seconds.
[   21.850641] cloud-init[1494]: ci-info: no authorized ssh keys fingerprints found for user ubuntu.
[   21.854572] cloud-init[1494]: Cloud-init v. 18.4-0ubuntu1~16.04.2 finished at Thu, 31 Jan 2019 10:26:48 +0000. Datasource DataSourceNoCloud [seed=/dev/sdb][dsmode=net].  Up 21.82 seconds
